Archive member included to satisfy reference by file (symbol)

C:/ST/STM32CubeIDE_1.18.1/STM32CubeIDE/plugins/com.st.stm32cube.ide.mcu.externaltools.gnu-tools-for-stm32.13.3.rel1.win32_1.0.0.202411081344/tools/bin/../lib/gcc/arm-none-eabi/13.3.1/../../../../arm-none-eabi/lib/thumb/v7-m/nofp\libc_nano.a(libc_a-exit.o)
                              C:/ST/STM32CubeIDE_1.18.1/STM32CubeIDE/plugins/com.st.stm32cube.ide.mcu.externaltools.gnu-tools-for-stm32.13.3.rel1.win32_1.0.0.202411081344/tools/bin/../lib/gcc/arm-none-eabi/13.3.1/../../../../arm-none-eabi/lib/thumb/v7-m/nofp/crt0.o (exit)
C:/ST/STM32CubeIDE_1.18.1/STM32CubeIDE/plugins/com.st.stm32cube.ide.mcu.externaltools.gnu-tools-for-stm32.13.3.rel1.win32_1.0.0.202411081344/tools/bin/../lib/gcc/arm-none-eabi/13.3.1/../../../../arm-none-eabi/lib/thumb/v7-m/nofp\libc_nano.a(libc_a-findfp.o)
                              C:/ST/STM32CubeIDE_1.18.1/STM32CubeIDE/plugins/com.st.stm32cube.ide.mcu.externaltools.gnu-tools-for-stm32.13.3.rel1.win32_1.0.0.202411081344/tools/bin/../lib/gcc/arm-none-eabi/13.3.1/../../../../arm-none-eabi/lib/thumb/v7-m/nofp\libc_nano.a(libc_a-exit.o) (__stdio_exit_handler)
C:/ST/STM32CubeIDE_1.18.1/STM32CubeIDE/plugins/com.st.stm32cube.ide.mcu.externaltools.gnu-tools-for-stm32.13.3.rel1.win32_1.0.0.202411081344/tools/bin/../lib/gcc/arm-none-eabi/13.3.1/../../../../arm-none-eabi/lib/thumb/v7-m/nofp\libc_nano.a(libc_a-fwalk.o)
                              C:/ST/STM32CubeIDE_1.18.1/STM32CubeIDE/plugins/com.st.stm32cube.ide.mcu.externaltools.gnu-tools-for-stm32.13.3.rel1.win32_1.0.0.202411081344/tools/bin/../lib/gcc/arm-none-eabi/13.3.1/../../../../arm-none-eabi/lib/thumb/v7-m/nofp\libc_nano.a(libc_a-findfp.o) (_fwalk_sglue)
C:/ST/STM32CubeIDE_1.18.1/STM32CubeIDE/plugins/com.st.stm32cube.ide.mcu.externaltools.gnu-tools-for-stm32.13.3.rel1.win32_1.0.0.202411081344/tools/bin/../lib/gcc/arm-none-eabi/13.3.1/../../../../arm-none-eabi/lib/thumb/v7-m/nofp\libc_nano.a(libc_a-stdio.o)
                              C:/ST/STM32CubeIDE_1.18.1/STM32CubeIDE/plugins/com.st.stm32cube.ide.mcu.externaltools.gnu-tools-for-stm32.13.3.rel1.win32_1.0.0.202411081344/tools/bin/../lib/gcc/arm-none-eabi/13.3.1/../../../../arm-none-eabi/lib/thumb/v7-m/nofp\libc_nano.a(libc_a-findfp.o) (__sread)
C:/ST/STM32CubeIDE_1.18.1/STM32CubeIDE/plugins/com.st.stm32cube.ide.mcu.externaltools.gnu-tools-for-stm32.13.3.rel1.win32_1.0.0.202411081344/tools/bin/../lib/gcc/arm-none-eabi/13.3.1/../../../../arm-none-eabi/lib/thumb/v7-m/nofp\libc_nano.a(libc_a-memset.o)
                              C:/ST/STM32CubeIDE_1.18.1/STM32CubeIDE/plugins/com.st.stm32cube.ide.mcu.externaltools.gnu-tools-for-stm32.13.3.rel1.win32_1.0.0.202411081344/tools/bin/../lib/gcc/arm-none-eabi/13.3.1/../../../../arm-none-eabi/lib/thumb/v7-m/nofp/crt0.o (memset)
C:/ST/STM32CubeIDE_1.18.1/STM32CubeIDE/plugins/com.st.stm32cube.ide.mcu.externaltools.gnu-tools-for-stm32.13.3.rel1.win32_1.0.0.202411081344/tools/bin/../lib/gcc/arm-none-eabi/13.3.1/../../../../arm-none-eabi/lib/thumb/v7-m/nofp\libc_nano.a(libc_a-closer.o)
                              C:/ST/STM32CubeIDE_1.18.1/STM32CubeIDE/plugins/com.st.stm32cube.ide.mcu.externaltools.gnu-tools-for-stm32.13.3.rel1.win32_1.0.0.202411081344/tools/bin/../lib/gcc/arm-none-eabi/13.3.1/../../../../arm-none-eabi/lib/thumb/v7-m/nofp\libc_nano.a(libc_a-stdio.o) (_close_r)
C:/ST/STM32CubeIDE_1.18.1/STM32CubeIDE/plugins/com.st.stm32cube.ide.mcu.externaltools.gnu-tools-for-stm32.13.3.rel1.win32_1.0.0.202411081344/tools/bin/../lib/gcc/arm-none-eabi/13.3.1/../../../../arm-none-eabi/lib/thumb/v7-m/nofp\libc_nano.a(libc_a-reent.o)
                              C:/ST/STM32CubeIDE_1.18.1/STM32CubeIDE/plugins/com.st.stm32cube.ide.mcu.externaltools.gnu-tools-for-stm32.13.3.rel1.win32_1.0.0.202411081344/tools/bin/../lib/gcc/arm-none-eabi/13.3.1/../../../../arm-none-eabi/lib/thumb/v7-m/nofp\libc_nano.a(libc_a-closer.o) (errno)
C:/ST/STM32CubeIDE_1.18.1/STM32CubeIDE/plugins/com.st.stm32cube.ide.mcu.externaltools.gnu-tools-for-stm32.13.3.rel1.win32_1.0.0.202411081344/tools/bin/../lib/gcc/arm-none-eabi/13.3.1/../../../../arm-none-eabi/lib/thumb/v7-m/nofp\libc_nano.a(libc_a-impure.o)
                              C:/ST/STM32CubeIDE_1.18.1/STM32CubeIDE/plugins/com.st.stm32cube.ide.mcu.externaltools.gnu-tools-for-stm32.13.3.rel1.win32_1.0.0.202411081344/tools/bin/../lib/gcc/arm-none-eabi/13.3.1/../../../../arm-none-eabi/lib/thumb/v7-m/nofp\libc_nano.a(libc_a-reent.o) (_impure_ptr)
C:/ST/STM32CubeIDE_1.18.1/STM32CubeIDE/plugins/com.st.stm32cube.ide.mcu.externaltools.gnu-tools-for-stm32.13.3.rel1.win32_1.0.0.202411081344/tools/bin/../lib/gcc/arm-none-eabi/13.3.1/../../../../arm-none-eabi/lib/thumb/v7-m/nofp\libc_nano.a(libc_a-lseekr.o)
[...]
Memory Configuration

Name             Origin             Length             Attributes
RAM              0x20000000         0x00002800         xrw
ROM              0x08000000         0x00008000         xr
*default*        0x00000000         0xffffffff

Linker script and memory map

LOAD C:/ST/STM32CubeIDE_1.18.1/STM32CubeIDE/plugins/com.st.stm32cube.ide.mcu.externaltools.gnu-tools-for-stm32.13.3.rel1.win32_1.0.0.202411081344/tools/bin/../lib/gcc/arm-none-eabi/13.3.1/thumb/v7-m/nofp/crti.o
LOAD C:/ST/STM32CubeIDE_1.18.1/STM32CubeIDE/plugins/com.st.stm32cube.ide.mcu.externaltools.gnu-tools-for-stm32.13.3.rel1.win32_1.0.0.202411081344/tools/bin/../lib/gcc/arm-none-eabi/13.3.1/thumb/v7-m/nofp/crtbegin.o
LOAD C:/ST/STM32CubeIDE_1.18.1/STM32CubeIDE/plugins/com.st.stm32cube.ide.mcu.externaltools.gnu-tools-for-stm32.13.3.rel1.win32_1.0.0.202411081344/tools/bin/../lib/gcc/arm-none-eabi/13.3.1/../../../../arm-none-eabi/lib/thumb/v7-m/nofp/crt0.o
LOAD ./AUTOSAR_implementation/DoorLock_indecation_SWC.o
LOAD ./AUTOSAR_implementation/DoorSensorAbstractionSWC.o
LOAD ./AUTOSAR_implementation/MCAL/DIO.o
LOAD ./AUTOSAR_implementation/RTE_gen/Rte_DoorLock_indecation_SWC.o
LOAD ./AUTOSAR_implementation/RTE_gen/Rte_DoorSensorAbstractionSWC.o
LOAD ./HAL/I2C_Slave_EEPROM.o
LOAD ./HAL/keypad.o
LOAD ./HAL/lcd.o
LOAD ./Src/main.o
LOAD ./Src/syscalls.o
LOAD ./Src/sysmem.o
LOAD ./Startup/startup_stm32f103c6tx.o
LOAD ./Stm32_F103C6_Drivers/GPIO/stm32f103x8_gpio_driver.o
LOAD ./Stm32_F103C6_Drivers/stm32f103x8_EXTI_driver.o
LOAD ./Stm32_F103C6_Drivers/stm32f103x8_I2C_Drver.o
LOAD ./Stm32_F103C6_Drivers/stm32f103x8_RCC_driver.o
LOAD ./Stm32_F103C6_Drivers/stm32f103x8_SPI_Drver.o
LOAD ./Stm32_F103C6_Drivers/stm32f103x8_USART_driver.o
START GROUP
LOAD C:/ST/STM32CubeIDE_1.18.1/STM32CubeIDE/plugins/com.st.stm32cube.ide.mcu.externaltools.gnu-tools-for-stm32.13.3.rel1.win32_1.0.0.202411081344/tools/bin/../lib/gcc/arm-none-eabi/13.3.1/../../../../arm-none-eabi/lib/thumb/v7-m/nofp\libc_nano.a
LOAD C:/ST/STM32CubeIDE_1.18.1/STM32CubeIDE/plugins/com.st.stm32cube.ide.mcu.externaltools.gnu-tools-for-stm32.13.3.rel1.win32_1.0.0.202411081344/tools/bin/../lib/gcc/arm-none-eabi/13.3.1/../../../../arm-none-eabi/lib/thumb/v7-m/nofp\libm.a
END GROUP
START GROUP
LOAD C:/ST/STM32CubeIDE_1.18.1/STM32CubeIDE/plugins/com.st.stm32cube.ide.mcu.externaltools.gnu-tools-for-stm32.13.3.rel1.win32_1.0.0.202411081344/tools/bin/../lib/gcc/arm-none-eabi/13.3.1/thumb/v7-m/nofp\libgcc.a
LOAD C:/ST/STM32CubeIDE_1.18.1/STM32CubeIDE/plugins/com.st.stm32cube.ide.mcu.externaltools.gnu-tools-for-stm32.13.3.rel1.win32_1.0.0.202411081344/tools/bin/../lib/gcc/arm-none-eabi/13.3.1/../../../../arm-none-eabi/lib/thumb/v7-m/nofp\libg_nano.a
LOAD C:/ST/STM32CubeIDE_1.18.1/STM32CubeIDE/plugins/com.st.stm32cube.ide.mcu.externaltools.gnu-tools-for-stm32.13.3.rel1.win32_1.0.0.202411081344/tools/bin/../lib/gcc/arm-none-eabi/13.3.1/../../../../arm-none-eabi/lib/thumb/v7-m/nofp\libc_nano.a
END GROUP
START GROUP
LOAD C:/ST/STM32CubeIDE_1.18.1/STM32CubeIDE/plugins/com.st.stm32cube.ide.mcu.externaltools.gnu-tools-for-stm32.13.3.rel1.win32_1.0.0.202411081344/tools/bin/../lib/gcc/arm-none-eabi/13.3.1/thumb/v7-m/nofp\libgcc.a
LOAD C:/ST/STM32CubeIDE_1.18.1/STM32CubeIDE/plugins/com.st.stm32cube.ide.mcu.externaltools.gnu-tools-for-stm32.13.3.rel1.win32_1.0.0.202411081344/tools/bin/../lib/gcc/arm-none-eabi/13.3.1/../../../../arm-none-eabi/lib/thumb/v7-m/nofp\libc_nano.a
LOAD C:/ST/STM32CubeIDE_1.18.1/STM32CubeIDE/plugins/com.st.stm32cube.ide.mcu.externaltools.gnu-tools-for-stm32.13.3.rel1.win32_1.0.0.202411081344/tools/bin/../lib/gcc/arm-none-eabi/13.3.1/../../../../arm-none-eabi/lib/thumb/v7-m/nofp\libnosys.a
END GROUP
START GROUP
LOAD C:/ST/STM32CubeIDE_1.18.1/STM32CubeIDE/plugins/com.st.stm32cube.ide.mcu.externaltools.gnu-tools-for-stm32.13.3.rel1.win32_1.0.0.202411081344/tools/bin/../lib/gcc/arm-none-eabi/13.3.1/thumb/v7-m/nofp\libgcc.a
LOAD C:/ST/STM32CubeIDE_1.18.1/STM32CubeIDE/plugins/com.st.stm32cube.ide.mcu.externaltools.gnu-tools-for-stm32.13.3.rel1.win32_1.0.0.202411081344/tools/bin/../lib/gcc/arm-none-eabi/13.3.1/../../../../arm-none-eabi/lib/thumb/v7-m/nofp\libc_nano.a
LOAD C:/ST/STM32CubeIDE_1.18.1/STM32CubeIDE/plugins/com.st.stm32cube.ide.mcu.externaltools.gnu-tools-for-stm32.13.3.rel1.win32_1.0.0.202411081344/tools/bin/../lib/gcc/arm-none-eabi/13.3.1/../../../../arm-none-eabi/lib/thumb/v7-m/nofp\libnosys.a
END GROUP
LOAD C:/ST/STM32CubeIDE_1.18.1/STM32CubeIDE/plugins/com.st.stm32cube.ide.mcu.externaltools.gnu-tools-for-stm32.13.3.rel1.win32_1.0.0.202411081344/tools/bin/../lib/gcc/arm-none-eabi/13.3.1/thumb/v7-m/nofp/crtend.o
LOAD C:/ST/STM32CubeIDE_1.18.1/STM32CubeIDE/plugins/com.st.stm32cube.ide.mcu.externaltools.gnu-tools-for-stm32.13.3.rel1.win32_1.0.0.202411081344/tools/bin/../lib/gcc/arm-none-eabi/13.3.1/thumb/v7-m/nofp/crtn.o
                0x20002800                        _estack = (ORIGIN (RAM) + LENGTH (RAM))
                0x00000200                        _Min_Heap_Size = 0x200
                0x00000400                        _Min_Stack_Size = 0x400

.isr_vector     0x08000000      0x130
                0x08000000                        . = ALIGN (0x4)
 *(.isr_vector)
 .isr_vector    0x08000000      0x130 ./Startup/startup_stm32f103c6tx.o
                0x08000000                g_pfnVectors
                0x08000130                        . = ALIGN (0x4)

.text           0x08000130      0xb44
                0x08000130                        . = ALIGN (0x4)
 *(.text)
 .text          0x08000130       0x40 C:/ST/STM32CubeIDE_1.18.1/STM32CubeIDE/plugins/com.st.stm32cube.ide.mcu.externaltools.gnu-tools-for-stm32.13.3.rel1.win32_1.0.0.202411081344/tools/bin/../lib/gcc/arm-none-eabi/13.3.1/thumb/v7-m/nofp/crtbegin.o
 *(.text*)
 .text.DoorLook_Indecation_runable
                0x08000170       0x2e ./AUTOSAR_implementation/DoorLock_indecation_SWC.o
                0x08000170                DoorLook_Indecation_runable
 .text.Led_Switch
                0x0800019e       0x38 ./AUTOSAR_implementation/DoorSensorAbstractionSWC.o
                0x0800019e                Led_Switch
 .text.ReadDoorSensor_Runable
                0x080001d6       0x24 ./AUTOSAR_implementation/DoorSensorAbstractionSWC.o
                0x080001d6                ReadDoorSensor_Runable
 *fill*         0x080001fa        0x2 
 .text.Dio_Readchhannel
                0x080001fc       0x24 ./AUTOSAR_implementation/MCAL/DIO.o
                0x080001fc                Dio_Readchhannel
 .text.Dio_Writechhannel
                0x08000220       0x2c ./AUTOSAR_implementation/MCAL/DIO.o
                0x08000220                Dio_Writechhannel
 .text.Rte_IRead_DoorLock_indecation_SWC_Door_Look_Indication_RP_SR_DoorState_DoorState
                0x0800024c       0x18 ./AUTOSAR_implementation/RTE_gen/Rte_DoorLock_indecation_SWC.o
                0x0800024c                Rte_IRead_DoorLock_indecation_SWC_Door_Look_Indication_RP_SR_DoorState_DoorState
 .text.Rte_Call_DoorLock_indecation_SWC_RP_CS_Led_Switch_Led_Switch
                0x08000264       0x40 ./AUTOSAR_implementation/RTE_gen/Rte_DoorLock_indecation_SWC.o
                0x08000264                Rte_Call_DoorLock_indecation_SWC_RP_CS_Led_Switch_Led_Switch
 .text.Rte_IWrite_DoorSensorAbstractionSWC_ReadDoorSensor_PP_SR_DoorState
                0x080002a4       0x20 ./AUTOSAR_implementation/RTE_gen/Rte_DoorSensorAbstractionSWC.o
                0x080002a4                Rte_IWrite_DoorSensorAbstractionSWC_ReadDoorSensor_PP_SR_DoorState
 .text.wait_cycles
                0x080002c4       0x2c ./Src/main.o
                0x080002c4                wait_cycles
 .text.MCU_init
                0x080002f0       0x4c ./Src/main.o
                0x080002f0                MCU_init
 .text.StartOS  0x0800033c       0x3a ./Src/main.o
                0x0800033c                StartOS
 *fill*         0x08000376        0x2 
 .text.main     0x08000378       0x20 ./Src/main.o
                0x08000378                main
 .text.Reset_Handler
                0x08000398       0x50 ./Startup/startup_stm32f103c6tx.o
                0x08000398                Reset_Handler
 .text.Default_Handler
                0x080003e8        0x2 ./Startup/startup_stm32f103c6tx.o
                0x080003e8                TIM8_TRG_COM_IRQHandler
                0x080003e8                TIM8_CC_IRQHandler
                0x080003e8                DebugMon_Handler
                0x080003e8                TIM1_CC_IRQHandler
                0x080003e8                HardFault_Handler
                0x080003e8                TIM6_IRQHandler
                0x080003e8                SysTick_Handler
                0x080003e8                PVD_IRQHandler
                0x080003e8                SDIO_IRQHandler
                0x080003e8                PendSV_Handler
                0x080003e8                NMI_Handler
                0x080003e8                USB_HP_CAN_TX_IRQHandler
                0x080003e8                UsageFault_Handler
                0x080003e8                ADC1_2_IRQHandler
                0x080003e8                CAN_SCE_IRQHandler
                0x080003e8                TAMPER_IRQHandler
                0x080003e8                TIM8_UP_IRQHandler
                0x080003e8                DMA2_Channel2_IRQHandler
                0x080003e8                DMA1_Channel4_IRQHandler
                0x080003e8                RTC_IRQHandler
                0x080003e8                DMA1_Channel7_IRQHandler
                0x080003e8                UART5_IRQHandler
                0x080003e8                ADC3_IRQHandler
                0x080003e8                TIM4_IRQHandler
                0x080003e8                CAN_RX1_IRQHandler
                0x080003e8                DMA2_Channel1_IRQHandler
                0x080003e8                DMA1_Channel6_IRQHandler
                0x080003e8                UART4_IRQHandler
                0x080003e8                TIM3_IRQHandler
                0x080003e8                RCC_IRQHandler
                0x080003e8                TIM1_TRG_COM_IRQHandler
                0x080003e8                DMA1_Channel1_IRQHandler
                0x080003e8                Default_Handler
                0x080003e8                TIM7_IRQHandler
                0x080003e8                TIM5_IRQHandler
                0x080003e8                USB_LP_CAN_RX0_IRQHandler
                0x080003e8                MemManage_Handler
                0x080003e8                SVC_Handler
                0x080003e8                DMA1_Channel5_IRQHandler
                0x080003e8                DMA1_Channel3_IRQHandler
                0x080003e8                FSMC_IRQHandler
                0x080003e8                TIM1_UP_IRQHandler
                0x080003e8                WWDG_IRQHandler
                0x080003e8                TIM2_IRQHandler
                0x080003e8                TIM1_BRK_IRQHandler
                0x080003e8                RTCAlarm_IRQHandler
                0x080003e8                DMA2_Channel4_5_IRQHandler
                0x080003e8                DMA1_Channel2_IRQHandler
                0x080003e8                TIM8_BRK_IRQHandler
                0x080003e8                FLASH_IRQHandler
                0x080003e8                BusFault_Handler
                0x080003e8                SPI3_IRQHandler
                0x080003e8                DMA2_Channel3_IRQHandler
 *fill*         0x080003ea        0x2 
 .text.Get_CRLH_Position
                0x080003ec      0x170 ./Stm32_F103C6_Drivers/GPIO/stm32f103x8_gpio_driver.o
                0x080003ec                Get_CRLH_Position
 .text.MCAL_GPIO_Init
                0x0800055c      0x156 ./Stm32_F103C6_Drivers/GPIO/stm32f103x8_gpio_driver.o
                0x0800055c                MCAL_GPIO_Init
 .text.MCAL_GPIO_ReadPin
                0x080006b2       0x2e ./Stm32_F103C6_Drivers/GPIO/stm32f103x8_gpio_driver.o
                0x080006b2                MCAL_GPIO_ReadPin
 .text.MCAL_GPIO_WritePin
                0x080006e0       0x2e ./Stm32_F103C6_Drivers/GPIO/stm32f103x8_gpio_driver.o
                0x080006e0                MCAL_GPIO_WritePin
 *fill*         0x0800070e        0x2 
 .text.EXTI0_IRQHandler
                0x08000710       0x24 ./Stm32_F103C6_Drivers/stm32f103x8_EXTI_driver.o
                0x08000710                EXTI0_IRQHandler
 .text.EXTI1_IRQHandler
                0x08000734       0x24 ./Stm32_F103C6_Drivers/stm32f103x8_EXTI_driver.o
                0x08000734                EXTI1_IRQHandler
 .text.EXTI2_IRQHandler
                0x08000758       0x24 ./Stm32_F103C6_Drivers/stm32f103x8_EXTI_driver.o
                0x08000758                EXTI2_IRQHandler
 .text.EXTI3_IRQHandler
                0x0800077c       0x24 ./Stm32_F103C6_Drivers/stm32f103x8_EXTI_driver.o
                0x0800077c                EXTI3_IRQHandler
 .text.EXTI4_IRQHandler
                0x080007a0       0x24 ./Stm32_F103C6_Drivers/stm32f103x8_EXTI_driver.o
                0x080007a0                EXTI4_IRQHandler
 .text.EXTI9_5_IRQHandler
                0x080007c4       0xa8 ./Stm32_F103C6_Drivers/stm32f103x8_EXTI_driver.o
                0x080007c4                EXTI9_5_IRQHandler
 .text.EXTI15_10_IRQHandler
                0x0800086c       0xc4 ./Stm32_F103C6_Drivers/stm32f103x8_EXTI_driver.o
                0x0800086c                EXTI15_10_IRQHandler
 .text.I2C1_ER_IRQHandler
                0x08000930        0xc ./Stm32_F103C6_Drivers/stm32f103x8_I2C_Drver.o
                0x08000930                I2C1_ER_IRQHandler
 .text.I2C1_EV_IRQHandler
                0x0800093c       0xec ./Stm32_F103C6_Drivers/stm32f103x8_I2C_Drver.o
                0x0800093c                I2C1_EV_IRQHandler
 .text.Slave_States
                0x08000a28       0xe0 ./Stm32_F103C6_Drivers/stm32f103x8_I2C_Drver.o
                0x08000a28                Slave_States
 .text.I2C2_ER_IRQHandler
                0x08000b08        0xc ./Stm32_F103C6_Drivers/stm32f103x8_I2C_Drver.o
                0x08000b08                I2C2_ER_IRQHandler
 .text.I2C2_EV_IRQHandler
                0x08000b14        0xc ./Stm32_F103C6_Drivers/stm32f103x8_I2C_Drver.o
                0x08000b14                I2C2_EV_IRQHandler
 .text.SPI1_IRQHandler
                0x08000b20       0x5c ./Stm32_F103C6_Drivers/stm32f103x8_SPI_Drver.o
                0x08000b20                SPI1_IRQHandler
 .text.SPI2_IRQHandler
                0x08000b7c       0x5c ./Stm32_F103C6_Drivers/stm32f103x8_SPI_Drver.o
                0x08000b7c                SPI2_IRQHandler
 .text.USART1_IRQHandler
                0x08000bd8       0x14 ./Stm32_F103C6_Drivers/stm32f103x8_USART_driver.o
                0x08000bd8                USART1_IRQHandler
 .text.USART2_IRQHandler
                0x08000bec       0x14 ./Stm32_F103C6_Drivers/stm32f103x8_USART_driver.o
                0x08000bec                USART2_IRQHandler
 .text.USART3_IRQHandler
                0x08000c00       0x14 ./Stm32_F103C6_Drivers/stm32f103x8_USART_driver.o
                0x08000c00                USART3_IRQHandler
 .text.__libc_init_array
                0x08000c14       0x48 C:/ST/STM32CubeIDE_1.18.1/STM32CubeIDE/plugins/com.st.stm32cube.ide.mcu.externaltools.gnu-tools-for-stm32.13.3.rel1.win32_1.0.0.202411081344/tools/bin/../lib/gcc/arm-none-eabi/13.3.1/../../../../arm-none-eabi/lib/thumb/v7-m/nofp\libc_nano.a(libc_a-init.o)
                0x08000c14                __libc_init_array
 *(.glue_7)
 .glue_7        0x08000c5c        0x0 linker stubs
 *(.glue_7t)
 .glue_7t       0x08000c5c        0x0 linker stubs
 *(.eh_frame)
 .eh_frame      0x08000c5c        0x0 C:/ST/STM32CubeIDE_1.18.1/STM32CubeIDE/plugins/com.st.stm32cube.ide.mcu.externaltools.gnu-tools-for-stm32.13.3.rel1.win32_1.0.0.202411081344/tools/bin/../lib/gcc/arm-none-eabi/13.3.1/thumb/v7-m/nofp/crtbegin.o
 *(.init)
 .init          0x08000c5c        0x4 C:/ST/STM32CubeIDE_1.18.1/STM32CubeIDE/plugins/com.st.stm32cube.ide.mcu.externaltools.gnu-tools-for-stm32.13.3.rel1.win32_1.0.0.202411081344/tools/bin/../lib/gcc/arm-none-eabi/13.3.1/thumb/v7-m/nofp/crti.o
                0x08000c5c                _init
 .init          0x08000c60        0x8 C:/ST/STM32CubeIDE_1.18.1/STM32CubeIDE/plugins/com.st.stm32cube.ide.mcu.externaltools.gnu-tools-for-stm32.13.3.rel1.win32_1.0.0.202411081344/tools/bin/../lib/gcc/arm-none-eabi/13.3.1/thumb/v7-m/nofp/crtn.o
 *(.fini)
 .fini          0x08000c68        0x4 C:/ST/STM32CubeIDE_1.18.1/STM32CubeIDE/plugins/com.st.stm32cube.ide.mcu.externaltools.gnu-tools-for-stm32.13.3.rel1.win32_1.0.0.202411081344/tools/bin/../lib/gcc/arm-none-eabi/13.3.1/thumb/v7-m/nofp/crti.o
                0x08000c68                _fini
 .fini          0x08000c6c        0x8 C:/ST/STM32CubeIDE_1.18.1/STM32CubeIDE/plugins/com.st.stm32cube.ide.mcu.externaltools.gnu-tools-for-stm32.13.3.rel1.win32_1.0.0.202411081344/tools/bin/../lib/gcc/arm-none-eabi/13.3.1/thumb/v7-m/nofp/crtn.o
                0x08000c74                        . = ALIGN (0x4)
                0x08000c74                        _etext = .

.vfp11_veneer   0x08000c74        0x0
 .vfp11_veneer  0x08000c74        0x0 linker stubs

.v4_bx          0x08000c74        0x0
 .v4_bx         0x08000c74        0x0 linker stubs

.iplt           0x08000c74        0x0
 .iplt          0x08000c74        0x0 C:/ST/STM32CubeIDE_1.18.1/STM32CubeIDE/plugins/com.st.stm32cube.ide.mcu.externaltools.gnu-tools-for-stm32.13.3.rel1.win32_1.0.0.202411081344/tools/bin/../lib/gcc/arm-none-eabi/13.3.1/thumb/v7-m/nofp/crtbegin.o

.rodata         0x08000c74        0x8
                0x08000c74                        . = ALIGN (0x4)
 *(.rodata)
 *(.rodata*)
 .rodata.Rte_Instance_DoorLock_indecation_SWC
                0x08000c74        0x4 ./AUTOSAR_implementation/RTE_gen/Rte_DoorLock_indecation_SWC.o
                0x08000c74                Rte_Instance_DoorLock_indecation_SWC
 .rodata.Rte_Instance_DoorSensorAbstractionSWC
                0x08000c78        0x4 ./AUTOSAR_implementation/RTE_gen/Rte_DoorSensorAbstractionSWC.o
                0x08000c78                Rte_Instance_DoorSensorAbstractionSWC
                0x08000c7c                        . = ALIGN (0x4)

.rel.dyn        0x08000c7c        0x0
 .rel.iplt      0x08000c7c        0x0 C:/ST/STM32CubeIDE_1.18.1/STM32CubeIDE/plugins/com.st.stm32cube.ide.mcu.externaltools.gnu-tools-for-stm32.13.3.rel1.win32_1.0.0.202411081344/tools/bin/../lib/gcc/arm-none-eabi/13.3.1/thumb/v7-m/nofp/crtbegin.o

.ARM.extab      0x08000c7c        0x0
                0x08000c7c                        . = ALIGN (0x4)
 *(.ARM.extab* .gnu.linkonce.armextab.*)
                0x08000c7c                        . = ALIGN (0x4)

.ARM            0x08000c7c        0x0
                0x08000c7c                        . = ALIGN (0x4)
                0x08000c7c                        __exidx_start = .
 *(.ARM.exidx*)
                0x08000c7c                        __exidx_end = .
                0x08000c7c                        . = ALIGN (0x4)

.preinit_array  0x08000c7c        0x0
                0x08000c7c                        . = ALIGN (0x4)
                0x08000c7c                        PROVIDE (__preinit_array_start = .)
 *(.preinit_array*)
                0x08000c7c                        PROVIDE (__preinit_array_end = .)
                0x08000c7c                        . = ALIGN (0x4)

.init_array     0x08000c7c        0x4
                0x08000c7c                        . = ALIGN (0x4)
                0x08000c7c                        PROVIDE (__init_array_start = .)
 *(SORT_BY_NAME(.init_array.*))
 *(.init_array*)
 .init_array    0x08000c7c        0x4 C:/ST/STM32CubeIDE_1.18.1/STM32CubeIDE/plugins/com.st.stm32cube.ide.mcu.externaltools.gnu-tools-for-stm32.13.3.rel1.win32_1.0.0.202411081344/tools/bin/../lib/gcc/arm-none-eabi/13.3.1/thumb/v7-m/nofp/crtbegin.o
                0x08000c80                        PROVIDE (__init_array_end = .)
                0x08000c80                        . = ALIGN (0x4)

.fini_array     0x08000c80        0x4
                0x08000c80                        . = ALIGN (0x4)
                [!provide]                        PROVIDE (__fini_array_start = .)
 *(SORT_BY_NAME(.fini_array.*))
 *(.fini_array*)
 .fini_array    0x08000c80        0x4 C:/ST/STM32CubeIDE_1.18.1/STM32CubeIDE/plugins/com.st.stm32cube.ide.mcu.externaltools.gnu-tools-for-stm32.13.3.rel1.win32_1.0.0.202411081344/tools/bin/../lib/gcc/arm-none-eabi/13.3.1/thumb/v7-m/nofp/crtbegin.o
                [!provide]                        PROVIDE (__fini_array_end = .)
                0x08000c84                        . = ALIGN (0x4)
                0x08000c84                        _sidata = LOADADDR (.data)

.data           0x20000000        0x0 load address 0x08000c84
                0x20000000                        . = ALIGN (0x4)
                0x20000000                        _sdata = .
 *(.data)
 *(.data*)
                0x20000000                        . = ALIGN (0x4)
                0x20000000                        _edata = .

.igot.plt       0x20000000        0x0 load address 0x08000c84
 .igot.plt      0x20000000        0x0 C:/ST/STM32CubeIDE_1.18.1/STM32CubeIDE/plugins/com.st.stm32cube.ide.mcu.externaltools.gnu-tools-for-stm32.13.3.rel1.win32_1.0.0.202411081344/tools/bin/../lib/gcc/arm-none-eabi/13.3.1/thumb/v7-m/nofp/crtbegin.o
                0x20000000                        . = ALIGN (0x4)

.bss            0x20000000       0xb4 load address 0x08000c84
                0x20000000                        _sbss = .
                0x20000000                        __bss_start__ = _sbss
 *(.bss)
 .bss           0x20000000       0x1c C:/ST/STM32CubeIDE_1.18.1/STM32CubeIDE/plugins/com.st.stm32cube.ide.mcu.externaltools.gnu-tools-for-stm32.13.3.rel1.win32_1.0.0.202411081344/tools/bin/../lib/gcc/arm-none-eabi/13.3.1/thumb/v7-m/nofp/crtbegin.o
 *(.bss*)
 .bss.ReadDoorSensor_PP_SR_DoorState
                0x2000001c        0x1 ./AUTOSAR_implementation/RTE_gen/Rte_DoorLock_indecation_SWC.o
                0x2000001c                ReadDoorSensor_PP_SR_DoorState
 .bss.DoorLock_indecation_SWC_RP_CS_Led_Switch_Led_Switch_Buffer_retcode
                0x2000001d        0x1 ./AUTOSAR_implementation/RTE_gen/Rte_DoorLock_indecation_SWC.o
                0x2000001d                DoorLock_indecation_SWC_RP_CS_Led_Switch_Led_Switch_Buffer_retcode
 *fill*         0x2000001e        0x2 
 .bss.Rte_Call_DoorLock_indecation_SWC_RP_CS_Led_Switch_Led_Switch_Delegate
                0x20000020        0x4 ./AUTOSAR_implementation/RTE_gen/Rte_DoorLock_indecation_SWC.o
                0x20000020                Rte_Call_DoorLock_indecation_SWC_RP_CS_Led_Switch_Led_Switch_Delegate
 .bss.GP_IRQ_CallBack
                0x20000024       0x3c ./Stm32_F103C6_Drivers/stm32f103x8_EXTI_driver.o
                0x20000024                GP_IRQ_CallBack
 .bss.Global_I2C_Config
                0x20000060       0x48 ./Stm32_F103C6_Drivers/stm32f103x8_I2C_Drver.o
                0x20000060                Global_I2C_Config
 .bss.Global_SPI_Config
                0x200000a8        0x8 ./Stm32_F103C6_Drivers/stm32f103x8_SPI_Drver.o
                0x200000a8                Global_SPI_Config
 .bss.Global_UART_Config
                0x200000b0        0x4 ./Stm32_F103C6_Drivers/stm32f103x8_USART_driver.o
                0x200000b0                Global_UART_Config
 *(COMMON)
                0x200000b4                        . = ALIGN (0x4)
                0x200000b4                        _ebss = .
                0x200000b4                        __bss_end__ = _ebss

._user_heap_stack
                0x200000b4      0x604 load address 0x08000c84
                0x200000b8                        . = ALIGN (0x8)
 *fill*         0x200000b4        0x4 
                [!provide]                        PROVIDE (end = .)
                0x200000b8                        PROVIDE (_end = .)
                0x200002b8                        . = (. + _Min_Heap_Size)
 *fill*         0x200000b8      0x200 
                0x200006b8                        . = (. + _Min_Stack_Size)
 *fill*         0x200002b8      0x400 
                0x200006b8                        . = ALIGN (0x8)

/DISCARD/
 libc.a(*)
 libm.a(*)
 libgcc.a(*)

.ARM.attributes
                0x00000000       0x29
 *(.ARM.attributes)
 .ARM.attributes
                0x00000000       0x1d C:/ST/STM32CubeIDE_1.18.1/STM32CubeIDE/plugins/com.st.stm32cube.ide.mcu.externaltools.gnu-tools-for-stm32.13.3.rel1.win32_1.0.0.202411081344/tools/bin/../lib/gcc/arm-none-eabi/13.3.1/thumb/v7-m/nofp/crti.o
 .ARM.attributes
                0x0000001d       0x2d C:/ST/STM32CubeIDE_1.18.1/STM32CubeIDE/plugins/com.st.stm32cube.ide.mcu.externaltools.gnu-tools-for-stm32.13.3.rel1.win32_1.0.0.202411081344/tools/bin/../lib/gcc/arm-none-eabi/13.3.1/thumb/v7-m/nofp/crtbegin.o
 .ARM.attributes
                0x0000004a       0x2d ./AUTOSAR_implementation/DoorLock_indecation_SWC.o
 .ARM.attributes
                0x00000077       0x2d ./AUTOSAR_implementation/DoorSensorAbstractionSWC.o
 .ARM.attributes
                0x000000a4       0x2d ./AUTOSAR_implementation/MCAL/DIO.o
 .ARM.attributes
                0x000000d1       0x2d ./AUTOSAR_implementation/RTE_gen/Rte_DoorLock_indecation_SWC.o
 .ARM.attributes
                0x000000fe       0x2d ./AUTOSAR_implementation/RTE_gen/Rte_DoorSensorAbstractionSWC.o
 .ARM.attributes
                0x0000012b       0x2d ./Src/main.o
 .ARM.attributes
                0x00000158       0x21 ./Startup/startup_stm32f103c6tx.o
 .ARM.attributes
                0x00000179       0x2d ./Stm32_F103C6_Drivers/GPIO/stm32f103x8_gpio_driver.o
 .ARM.attributes
                0x000001a6       0x2d ./Stm32_F103C6_Drivers/stm32f103x8_EXTI_driver.o
 .ARM.attributes
                0x000001d3       0x2d ./Stm32_F103C6_Drivers/stm32f103x8_I2C_Drver.o
 .ARM.attributes
                0x00000200       0x2d ./Stm32_F103C6_Drivers/stm32f103x8_SPI_Drver.o
 .ARM.attributes
                0x0000022d       0x2d ./Stm32_F103C6_Drivers/stm32f103x8_USART_driver.o
 .ARM.attributes
                0x0000025a       0x2d C:/ST/STM32CubeIDE_1.18.1/STM32CubeIDE/plugins/com.st.stm32cube.ide.mcu.externaltools.gnu-tools-for-stm32.13.3.rel1.win32_1.0.0.202411081344/tools/bin/../lib/gcc/arm-none-eabi/13.3.1/../../../../arm-none-eabi/lib/thumb/v7-m/nofp\libc_nano.a(libc_a-init.o)
 .ARM.attributes
                0x00000287       0x1d C:/ST/STM32CubeIDE_1.18.1/STM32CubeIDE/plugins/com.st.stm32cube.ide.mcu.externaltools.gnu-tools-for-stm32.13.3.rel1.win32_1.0.0.202411081344/tools/bin/../lib/gcc/arm-none-eabi/13.3.1/thumb/v7-m/nofp/crtn.o
OUTPUT(DoorLock_AUTOSAR_Project.elf elf32-littlearm)
LOAD linker stubs
LOAD C:/ST/STM32CubeIDE_1.18.1/STM32CubeIDE/plugins/com.st.stm32cube.ide.mcu.externaltools.gnu-tools-for-stm32.13.3.rel1.win32_1.0.0.202411081344/tools/bin/../lib/gcc/arm-none-eabi/13.3.1/../../../../arm-none-eabi/lib/thumb/v7-m/nofp\libc.a
LOAD C:/ST/STM32CubeIDE_1.18.1/STM32CubeIDE/plugins/com.st.stm32cube.ide.mcu.externaltools.gnu-tools-for-stm32.13.3.rel1.win32_1.0.0.202411081344/tools/bin/../lib/gcc/arm-none-eabi/13.3.1/../../../../arm-none-eabi/lib/thumb/v7-m/nofp\libm.a
LOAD C:/ST/STM32CubeIDE_1.18.1/STM32CubeIDE/plugins/com.st.stm32cube.ide.mcu.externaltools.gnu-tools-for-stm32.13.3.rel1.win32_1.0.0.202411081344/tools/bin/../lib/gcc/arm-none-eabi/13.3.1/thumb/v7-m/nofp\libgcc.a

.debug_info     0x00000000     0x2daa
 .debug_info    0x00000000      0x11b ./AUTOSAR_implementation/DoorLock_indecation_SWC.o
 .debug_info    0x0000011b      0x189 ./AUTOSAR_implementation/DoorSensorAbstractionSWC.o
 .debug_info    0x000002a4      0x1f4 ./AUTOSAR_implementation/MCAL/DIO.o
 .debug_info    0x00000498      0x251 ./AUTOSAR_implementation/RTE_gen/Rte_DoorLock_indecation_SWC.o
 .debug_info    0x000006e9      0x18c ./AUTOSAR_implementation/RTE_gen/Rte_DoorSensorAbstractionSWC.o
 .debug_info    0x00000875      0x39e ./Src/main.o
 .debug_info    0x00000c13       0x30 ./Startup/startup_stm32f103c6tx.o
 .debug_info    0x00000c43      0x4bd ./Stm32_F103C6_Drivers/GPIO/stm32f103x8_gpio_driver.o
 .debug_info    0x00001100      0x530 ./Stm32_F103C6_Drivers/stm32f103x8_EXTI_driver.o
 .debug_info    0x00001630      0xb04 ./Stm32_F103C6_Drivers/stm32f103x8_I2C_Drver.o
 .debug_info    0x00002134      0x6b4 ./Stm32_F103C6_Drivers/stm32f103x8_SPI_Drver.o
 .debug_info    0x000027e8      0x5c2 ./Stm32_F103C6_Drivers/stm32f103x8_USART_driver.o

.debug_abbrev   0x00000000      0xee2
 .debug_abbrev  0x00000000       0x9c ./AUTOSAR_implementation/DoorLock_indecation_SWC.o
 .debug_abbrev  0x0000009c       0xcb ./AUTOSAR_implementation/DoorSensorAbstractionSWC.o
 .debug_abbrev  0x00000167      0x10c ./AUTOSAR_implementation/MCAL/DIO.o
 .debug_abbrev  0x00000273      0x14f ./AUTOSAR_implementation/RTE_gen/Rte_DoorLock_indecation_SWC.o
 .debug_abbrev  0x000003c2       0xfb ./AUTOSAR_implementation/RTE_gen/Rte_DoorSensorAbstractionSWC.o
 .debug_abbrev  0x000004bd      0x15f ./Src/main.o
 .debug_abbrev  0x0000061c       0x1d ./Startup/startup_stm32f103c6tx.o
 .debug_abbrev  0x00000639      0x16f ./Stm32_F103C6_Drivers/GPIO/stm32f103x8_gpio_driver.o
 .debug_abbrev  0x000007a8      0x180 ./Stm32_F103C6_Drivers/stm32f103x8_EXTI_driver.o
 .debug_abbrev  0x00000928      0x257 ./Stm32_F103C6_Drivers/stm32f103x8_I2C_Drver.o
 .debug_abbrev  0x00000b7f      0x1ab ./Stm32_F103C6_Drivers/stm32f103x8_SPI_Drver.o
 .debug_abbrev  0x00000d2a      0x1b8 ./Stm32_F103C6_Drivers/stm32f103x8_USART_driver.o

.debug_loc      0x00000000     0x14f4
 .debug_loc     0x00000000       0x50 ./AUTOSAR_implementation/DoorLock_indecation_SWC.o
 .debug_loc     0x00000050       0xa0 ./AUTOSAR_implementation/DoorSensorAbstractionSWC.o
 .debug_loc     0x000000f0       0xa0 ./AUTOSAR_implementation/MCAL/DIO.o
 .debug_loc     0x00000190       0x94 ./AUTOSAR_implementation/RTE_gen/Rte_DoorLock_indecation_SWC.o
 .debug_loc     0x00000224       0xa0 ./AUTOSAR_implementation/RTE_gen/Rte_DoorSensorAbstractionSWC.o
 .debug_loc     0x000002c4      0x110 ./Src/main.o
 .debug_loc     0x000003d4      0x330 ./Stm32_F103C6_Drivers/GPIO/stm32f103x8_gpio_driver.o
 .debug_loc     0x00000704      0x320 ./Stm32_F103C6_Drivers/stm32f103x8_EXTI_driver.o
 .debug_loc     0x00000a24      0x580 ./Stm32_F103C6_Drivers/stm32f103x8_I2C_Drver.o
 .debug_loc     0x00000fa4      0x2bc ./Stm32_F103C6_Drivers/stm32f103x8_SPI_Drver.o
 .debug_loc     0x00001260      0x294 ./Stm32_F103C6_Drivers/stm32f103x8_USART_driver.o

.debug_aranges  0x00000000      0x358
 .debug_aranges
                0x00000000       0x20 ./AUTOSAR_implementation/DoorLock_indecation_SWC.o
 .debug_aranges
                0x00000020       0x28 ./AUTOSAR_implementation/DoorSensorAbstractionSWC.o
 .debug_aranges
                0x00000048       0x28 ./AUTOSAR_implementation/MCAL/DIO.o
 .debug_aranges
                0x00000070       0x28 ./AUTOSAR_implementation/RTE_gen/Rte_DoorLock_indecation_SWC.o
 .debug_aranges
                0x00000098       0x28 ./AUTOSAR_implementation/RTE_gen/Rte_DoorSensorAbstractionSWC.o
 .debug_aranges
                0x000000c0       0x38 ./Src/main.o
 .debug_aranges
                0x000000f8       0x28 ./Startup/startup_stm32f103c6tx.o
 .debug_aranges
                0x00000120       0x60 ./Stm32_F103C6_Drivers/GPIO/stm32f103x8_gpio_driver.o
 .debug_aranges
                0x00000180       0x80 ./Stm32_F103C6_Drivers/stm32f103x8_EXTI_driver.o
 .debug_aranges
                0x00000200       0xa0 ./Stm32_F103C6_Drivers/stm32f103x8_I2C_Drver.o
 .debug_aranges
                0x000002a0       0x58 ./Stm32_F103C6_Drivers/stm32f103x8_SPI_Drver.o
 .debug_aranges
                0x000002f8       0x60 ./Stm32_F103C6_Drivers/stm32f103x8_USART_driver.o

.debug_ranges   0x00000000      0x2a0
 .debug_ranges  0x00000000       0x10 ./AUTOSAR_implementation/DoorLock_indecation_SWC.o
 .debug_ranges  0x00000010       0x18 ./AUTOSAR_implementation/DoorSensorAbstractionSWC.o
 .debug_ranges  0x00000028       0x18 ./AUTOSAR_implementation/MCAL/DIO.o
 .debug_ranges  0x00000040       0x18 ./AUTOSAR_implementation/RTE_gen/Rte_DoorLock_indecation_SWC.o
 .debug_ranges  0x00000058       0x18 ./AUTOSAR_implementation/RTE_gen/Rte_DoorSensorAbstractionSWC.o
 .debug_ranges  0x00000070       0x28 ./Src/main.o
 .debug_ranges  0x00000098       0x20 ./Startup/startup_stm32f103c6tx.o
 .debug_ranges  0x000000b8       0x50 ./Stm32_F103C6_Drivers/GPIO/stm32f103x8_gpio_driver.o
 .debug_ranges  0x00000108       0x70 ./Stm32_F103C6_Drivers/stm32f103x8_EXTI_driver.o
 .debug_ranges  0x00000178       0x90 ./Stm32_F103C6_Drivers/stm32f103x8_I2C_Drver.o
 .debug_ranges  0x00000208       0x48 ./Stm32_F103C6_Drivers/stm32f103x8_SPI_Drver.o
 .debug_ranges  0x00000250       0x50 ./Stm32_F103C6_Drivers/stm32f103x8_USART_driver.o

.debug_macro    0x00000000     0x43df
 .debug_macro   0x00000000       0xd7 ./AUTOSAR_implementation/DoorLock_indecation_SWC.o
 .debug_macro   0x000000d7      0xad2 ./AUTOSAR_implementation/DoorLock_indecation_SWC.o
 .debug_macro   0x00000ba9       0x22 ./AUTOSAR_implementation/DoorLock_indecation_SWC.o
 .debug_macro   0x00000bcb       0x22 ./AUTOSAR_implementation/DoorLock_indecation_SWC.o
 .debug_macro   0x00000bed       0x8e ./AUTOSAR_implementation/DoorLock_indecation_SWC.o
 .debug_macro   0x00000c7b       0x51 ./AUTOSAR_implementation/DoorLock_indecation_SWC.o
 .debug_macro   0x00000ccc      0x103 ./AUTOSAR_implementation/DoorLock_indecation_SWC.o
 .debug_macro   0x00000dcf       0x6a ./AUTOSAR_implementation/DoorLock_indecation_SWC.o
 .debug_macro   0x00000e39      0x1df ./AUTOSAR_implementation/DoorLock_indecation_SWC.o
 .debug_macro   0x00001018       0x22 ./AUTOSAR_implementation/DoorLock_indecation_SWC.o
 .debug_macro   0x0000103a       0x82 ./AUTOSAR_implementation/DoorLock_indecation_SWC.o
 .debug_macro   0x000010bc       0x40 ./AUTOSAR_implementation/DoorLock_indecation_SWC.o
 .debug_macro   0x000010fc       0x10 ./AUTOSAR_implementation/DoorLock_indecation_SWC.o
 .debug_macro   0x0000110c       0x1c ./AUTOSAR_implementation/DoorLock_indecation_SWC.o
 .debug_macro   0x00001128      0x1d5 ./AUTOSAR_implementation/DoorSensorAbstractionSWC.o
 .debug_macro   0x000012fd       0x10 ./AUTOSAR_implementation/DoorSensorAbstractionSWC.o
 .debug_macro   0x0000130d       0x1c ./AUTOSAR_implementation/DoorSensorAbstractionSWC.o
 .debug_macro   0x00001329       0x24 ./AUTOSAR_implementation/DoorSensorAbstractionSWC.o
 .debug_macro   0x0000134d       0x61 ./AUTOSAR_implementation/DoorSensorAbstractionSWC.o
 .debug_macro   0x000013ae       0x43 ./AUTOSAR_implementation/DoorSensorAbstractionSWC.o
 .debug_macro   0x000013f1       0x34 ./AUTOSAR_implementation/DoorSensorAbstractionSWC.o
 .debug_macro   0x00001425       0x16 ./AUTOSAR_implementation/DoorSensorAbstractionSWC.o
 .debug_macro   0x0000143b      0x11c ./AUTOSAR_implementation/DoorSensorAbstractionSWC.o
 .debug_macro   0x00001557       0x9b ./AUTOSAR_implementation/DoorSensorAbstractionSWC.o
 .debug_macro   0x000015f2      0x370 ./AUTOSAR_implementation/DoorSensorAbstractionSWC.o
 .debug_macro   0x00001962       0x16 ./AUTOSAR_implementation/DoorSensorAbstractionSWC.o
 .debug_macro   0x00001978       0x4a ./AUTOSAR_implementation/DoorSensorAbstractionSWC.o
 .debug_macro   0x000019c2       0x34 ./AUTOSAR_implementation/DoorSensorAbstractionSWC.o
 .debug_macro   0x000019f6       0x10 ./AUTOSAR_implementation/DoorSensorAbstractionSWC.o
 .debug_macro   0x00001a06       0x58 ./AUTOSAR_implementation/DoorSensorAbstractionSWC.o
 .debug_macro   0x00001a5e       0x8e ./AUTOSAR_implementation/DoorSensorAbstractionSWC.o
 .debug_macro   0x00001aec       0x1c ./AUTOSAR_implementation/DoorSensorAbstractionSWC.o
 .debug_macro   0x00001b08      0x185 ./AUTOSAR_implementation/DoorSensorAbstractionSWC.o
 .debug_macro   0x00001c8d       0x16 ./AUTOSAR_implementation/DoorSensorAbstractionSWC.o
 .debug_macro   0x00001ca3       0x29 ./AUTOSAR_implementation/DoorSensorAbstractionSWC.o
 .debug_macro   0x00001ccc      0x6b8 ./AUTOSAR_implementation/DoorSensorAbstractionSWC.o
 .debug_macro   0x00002384       0xd0 ./AUTOSAR_implementation/DoorSensorAbstractionSWC.o
 .debug_macro   0x00002454       0x16 ./AUTOSAR_implementation/DoorSensorAbstractionSWC.o
 .debug_macro   0x0000246a      0x15b ./AUTOSAR_implementation/MCAL/DIO.o
 .debug_macro   0x000025c5       0x5b ./AUTOSAR_implementation/MCAL/DIO.o
 .debug_macro   0x00002620       0x94 ./AUTOSAR_implementation/MCAL/DIO.o
 .debug_macro   0x000026b4       0x57 ./AUTOSAR_implementation/MCAL/DIO.o
 .debug_macro   0x0000270b      0x198 ./AUTOSAR_implementation/RTE_gen/Rte_DoorLock_indecation_SWC.o
 .debug_macro   0x000028a3      0x190 ./AUTOSAR_implementation/RTE_gen/Rte_DoorLock_indecation_SWC.o
 .debug_macro   0x00002a33       0x10 ./AUTOSAR_implementation/RTE_gen/Rte_DoorLock_indecation_SWC.o
 .debug_macro   0x00002a43       0x3c ./AUTOSAR_implementation/RTE_gen/Rte_DoorLock_indecation_SWC.o
 .debug_macro   0x00002a7f       0x20 ./AUTOSAR_implementation/RTE_gen/Rte_DoorLock_indecation_SWC.o
 .debug_macro   0x00002a9f       0x7c ./AUTOSAR_implementation/RTE_gen/Rte_DoorLock_indecation_SWC.o
 .debug_macro   0x00002b1b      0x198 ./AUTOSAR_implementation/RTE_gen/Rte_DoorSensorAbstractionSWC.o
 .debug_macro   0x00002cb3      0x1e8 ./Src/main.o
 .debug_macro   0x00002e9b       0x1c ./Src/main.o
 .debug_macro   0x00002eb7       0x10 ./Src/main.o
 .debug_macro   0x00002ec7       0x1c ./Src/main.o
 .debug_macro   0x00002ee3       0x16 ./Src/main.o
 .debug_macro   0x00002ef9      0x146 ./Src/main.o
 .debug_macro   0x0000303f      0x6be ./Src/main.o
 .debug_macro   0x000036fd       0xa0 ./Src/main.o
 .debug_macro   0x0000379d       0x40 ./Src/main.o
 .debug_macro   0x000037dd      0x228 ./Src/main.o
 .debug_macro   0x00003a05       0xe8 ./Src/main.o
 .debug_macro   0x00003aed       0xcb ./Src/main.o
 .debug_macro   0x00003bb8       0x67 ./Src/main.o
 .debug_macro   0x00003c1f       0x10 ./Src/main.o
 .debug_macro   0x00003c2f      0x14c ./Stm32_F103C6_Drivers/GPIO/stm32f103x8_gpio_driver.o
 .debug_macro   0x00003d7b      0x15f ./Stm32_F103C6_Drivers/stm32f103x8_EXTI_driver.o
 .debug_macro   0x00003eda      0x16a ./Stm32_F103C6_Drivers/stm32f103x8_I2C_Drver.o
 .debug_macro   0x00004044      0x178 ./Stm32_F103C6_Drivers/stm32f103x8_SPI_Drver.o
 .debug_macro   0x000041bc       0xc5 ./Stm32_F103C6_Drivers/stm32f103x8_SPI_Drver.o
 .debug_macro   0x00004281      0x15e ./Stm32_F103C6_Drivers/stm32f103x8_USART_driver.o

.debug_line     0x00000000     0x5c48
 .debug_line    0x00000000      0x592 ./AUTOSAR_implementation/DoorLock_indecation_SWC.o
 .debug_line    0x00000592      0x7f1 ./AUTOSAR_implementation/DoorSensorAbstractionSWC.o
 .debug_line    0x00000d83      0x651 ./AUTOSAR_implementation/MCAL/DIO.o
 .debug_line    0x000013d4      0x703 ./AUTOSAR_implementation/RTE_gen/Rte_DoorLock_indecation_SWC.o
 .debug_line    0x00001ad7      0x6f7 ./AUTOSAR_implementation/RTE_gen/Rte_DoorSensorAbstractionSWC.o
 .debug_line    0x000021ce      0x7ec ./Src/main.o
 .debug_line    0x000029ba       0x81 ./Startup/startup_stm32f103c6tx.o
 .debug_line    0x00002a3b      0x914 ./Stm32_F103C6_Drivers/GPIO/stm32f103x8_gpio_driver.o
 .debug_line    0x0000334f      0xac9 ./Stm32_F103C6_Drivers/stm32f103x8_EXTI_driver.o
 .debug_line    0x00003e18      0xbc1 ./Stm32_F103C6_Drivers/stm32f103x8_I2C_Drver.o
 .debug_line    0x000049d9      0x9bf ./Stm32_F103C6_Drivers/stm32f103x8_SPI_Drver.o
 .debug_line    0x00005398      0x8b0 ./Stm32_F103C6_Drivers/stm32f103x8_USART_driver.o

.debug_str      0x00000000     0xdecf
 .debug_str     0x00000000     0xdecf ./AUTOSAR_implementation/DoorLock_indecation_SWC.o
                               0x4671 (size before relaxing)
 .debug_str     0x0000decf     0xa3d4 ./AUTOSAR_implementation/DoorSensorAbstractionSWC.o
 .debug_str     0x0000decf     0x9bb6 ./AUTOSAR_implementation/MCAL/DIO.o
 .debug_str     0x0000decf     0x7d53 ./AUTOSAR_implementation/RTE_gen/Rte_DoorLock_indecation_SWC.o
 .debug_str     0x0000decf     0x7c11 ./AUTOSAR_implementation/RTE_gen/Rte_DoorSensorAbstractionSWC.o
 .debug_str     0x0000decf     0xc6aa ./Src/main.o
 .debug_str     0x0000decf       0xb5 ./Startup/startup_stm32f103c6tx.o
 .debug_str     0x0000decf     0x9cac ./Stm32_F103C6_Drivers/GPIO/stm32f103x8_gpio_driver.o
 .debug_str     0x0000decf     0xb10d ./Stm32_F103C6_Drivers/stm32f103x8_EXTI_driver.o
 .debug_str     0x0000decf     0xa2e1 ./Stm32_F103C6_Drivers/stm32f103x8_I2C_Drver.o
 .debug_str     0x0000decf     0xa3db ./Stm32_F103C6_Drivers/stm32f103x8_SPI_Drver.o
 .debug_str     0x0000decf     0xa405 ./Stm32_F103C6_Drivers/stm32f103x8_USART_driver.o

.comment        0x00000000       0x43
 .comment       0x00000000       0x43 ./AUTOSAR_implementation/DoorLock_indecation_SWC.o
                                 0x44 (size before relaxing)
 .comment       0x00000043       0x44 ./AUTOSAR_implementation/DoorSensorAbstractionSWC.o
 .comment       0x00000043       0x44 ./AUTOSAR_implementation/MCAL/DIO.o
 .comment       0x00000043       0x44 ./AUTOSAR_implementation/RTE_gen/Rte_DoorLock_indecation_SWC.o
 .comment       0x00000043       0x44 ./AUTOSAR_implementation/RTE_gen/Rte_DoorSensorAbstractionSWC.o
 .comment       0x00000043       0x44 ./Src/main.o
 .comment       0x00000043       0x44 ./Stm32_F103C6_Drivers/GPIO/stm32f103x8_gpio_driver.o
 .comment       0x00000043       0x44 ./Stm32_F103C6_Drivers/stm32f103x8_EXTI_driver.o
 .comment       0x00000043       0x44 ./Stm32_F103C6_Drivers/stm32f103x8_I2C_Drver.o
 .comment       0x00000043       0x44 ./Stm32_F103C6_Drivers/stm32f103x8_SPI_Drver.o
 .comment       0x00000043       0x44 ./Stm32_F103C6_Drivers/stm32f103x8_USART_driver.o

.debug_frame    0x00000000      0xa98
 .debug_frame   0x00000000       0x34 ./AUTOSAR_implementation/DoorLock_indecation_SWC.o
 .debug_frame   0x00000034       0x58 ./AUTOSAR_implementation/DoorSensorAbstractionSWC.o
 .debug_frame   0x0000008c       0x58 ./AUTOSAR_implementation/MCAL/DIO.o
 .debug_frame   0x000000e4       0x54 ./AUTOSAR_implementation/RTE_gen/Rte_DoorLock_indecation_SWC.o
 .debug_frame   0x00000138       0x58 ./AUTOSAR_implementation/RTE_gen/Rte_DoorSensorAbstractionSWC.o
 .debug_frame   0x00000190       0x98 ./Src/main.o
 .debug_frame   0x00000228      0x178 ./Stm32_F103C6_Drivers/GPIO/stm32f103x8_gpio_driver.o
 .debug_frame   0x000003a0      0x1b0 ./Stm32_F103C6_Drivers/stm32f103x8_EXTI_driver.o
 .debug_frame   0x00000550      0x288 ./Stm32_F103C6_Drivers/stm32f103x8_I2C_Drver.o
 .debug_frame   0x000007d8      0x148 ./Stm32_F103C6_Drivers/stm32f103x8_SPI_Drver.o
 .debug_frame   0x00000920      0x14c ./Stm32_F103C6_Drivers/stm32f103x8_USART_driver.o
 .debug_frame   0x00000a6c       0x2c C:/ST/STM32CubeIDE_1.18.1/STM32CubeIDE/plugins/com.st.stm32cube.ide.mcu.externaltools.gnu-tools-for-stm32.13.3.rel1.win32_1.0.0.202411081344/tools/bin/../lib/gcc/arm-none-eabi/13.3.1/../../../../arm-none-eabi/lib/thumb/v7-m/nofp\libc_nano.a(libc_a-init.o)
